Archive member included to satisfy reference by file (symbol)

E:/stm32cubeide/STM32CubeIDE_1.16.0/STM32CubeIDE/plugins/com.st.stm32cube.ide.mcu.externaltools.gnu-tools-for-stm32.12.3.rel1.win32_1.0.200.202406191623/tools/bin/../lib/gcc/arm-none-eabi/12.3.1/../../../../arm-none-eabi/lib/thumb/v7-m/nofp\libc_nano.a(libc_a-exit.o)
                              E:/stm32cubeide/STM32CubeIDE_1.16.0/STM32CubeIDE/plugins/com.st.stm32cube.ide.mcu.externaltools.gnu-tools-for-stm32.12.3.rel1.win32_1.0.200.202406191623/tools/bin/../lib/gcc/arm-none-eabi/12.3.1/../../../../arm-none-eabi/lib/thumb/v7-m/nofp/crt0.o (exit)
E:/stm32cubeide/STM32CubeIDE_1.16.0/STM32CubeIDE/plugins/com.st.stm32cube.ide.mcu.externaltools.gnu-tools-for-stm32.12.3.rel1.win32_1.0.200.202406191623/tools/bin/../lib/gcc/arm-none-eabi/12.3.1/../../../../arm-none-eabi/lib/thumb/v7-m/nofp\libc_nano.a(libc_a-findfp.o)
                              E:/stm32cubeide/STM32CubeIDE_1.16.0/STM32CubeIDE/plugins/com.st.stm32cube.ide.mcu.externaltools.gnu-tools-for-stm32.12.3.rel1.win32_1.0.200.202406191623/tools/bin/../lib/gcc/arm-none-eabi/12.3.1/../../../../arm-none-eabi/lib/thumb/v7-m/nofp\libc_nano.a(libc_a-exit.o) (__stdio_exit_handler)
E:/stm32cubeide/STM32CubeIDE_1.16.0/STM32CubeIDE/plugins/com.st.stm32cube.ide.mcu.externaltools.gnu-tools-for-stm32.12.3.rel1.win32_1.0.200.202406191623/tools/bin/../lib/gcc/arm-none-eabi/12.3.1/../../../../arm-none-eabi/lib/thumb/v7-m/nofp\libc_nano.a(libc_a-fwalk.o)
                              E:/stm32cubeide/STM32CubeIDE_1.16.0/STM32CubeIDE/plugins/com.st.stm32cube.ide.mcu.externaltools.gnu-tools-for-stm32.12.3.rel1.win32_1.0.200.202406191623/tools/bin/../lib/gcc/arm-none-eabi/12.3.1/../../../../arm-none-eabi/lib/thumb/v7-m/nofp\libc_nano.a(libc_a-findfp.o) (_fwalk_sglue)
E:/stm32cubeide/STM32CubeIDE_1.16.0/STM32CubeIDE/plugins/com.st.stm32cube.ide.mcu.externaltools.gnu-tools-for-stm32.12.3.rel1.win32_1.0.200.202406191623/tools/bin/../lib/gcc/arm-none-eabi/12.3.1/../../../../arm-none-eabi/lib/thumb/v7-m/nofp\libc_nano.a(libc_a-stdio.o)
                              E:/stm32cubeide/STM32CubeIDE_1.16.0/STM32CubeIDE/plugins/com.st.stm32cube.ide.mcu.externaltools.gnu-tools-for-stm32.12.3.rel1.win32_1.0.200.202406191623/tools/bin/../lib/gcc/arm-none-eabi/12.3.1/../../../../arm-none-eabi/lib/thumb/v7-m/nofp\libc_nano.a(libc_a-findfp.o) (__sread)
E:/stm32cubeide/STM32CubeIDE_1.16.0/STM32CubeIDE/plugins/com.st.stm32cube.ide.mcu.externaltools.gnu-tools-for-stm32.12.3.rel1.win32_1.0.200.202406191623/tools/bin/../lib/gcc/arm-none-eabi/12.3.1/../../../../arm-none-eabi/lib/thumb/v7-m/nofp\libc_nano.a(libc_a-memset.o)
                              E:/stm32cubeide/STM32CubeIDE_1.16.0/STM32CubeIDE/plugins/com.st.stm32cube.ide.mcu.externaltools.gnu-tools-for-stm32.12.3.rel1.win32_1.0.200.202406191623/tools/bin/../lib/gcc/arm-none-eabi/12.3.1/../../../../arm-none-eabi/lib/thumb/v7-m/nofp/crt0.o (memset)
E:/stm32cubeide/STM32CubeIDE_1.16.0/STM32CubeIDE/plugins/com.st.stm32cube.ide.mcu.externaltools.gnu-tools-for-stm32.12.3.rel1.win32_1.0.200.202406191623/tools/bin/../lib/gcc/arm-none-eabi/12.3.1/../../../../arm-none-eabi/lib/thumb/v7-m/nofp\libc_nano.a(libc_a-closer.o)
                              E:/stm32cubeide/STM32CubeIDE_1.16.0/STM32CubeIDE/plugins/com.st.stm32cube.ide.mcu.externaltools.gnu-tools-for-stm32.12.3.rel1.win32_1.0.200.202406191623/tools/bin/../lib/gcc/arm-none-eabi/12.3.1/../../../../arm-none-eabi/lib/thumb/v7-m/nofp\libc_nano.a(libc_a-stdio.o) (_close_r)
E:/stm32cubeide/STM32CubeIDE_1.16.0/STM32CubeIDE/plugins/com.st.stm32cube.ide.mcu.externaltools.gnu-tools-for-stm32.12.3.rel1.win32_1.0.200.202406191623/tools/bin/../lib/gcc/arm-none-eabi/12.3.1/../../../../arm-none-eabi/lib/thumb/v7-m/nofp\libc_nano.a(libc_a-reent.o)
                              E:/stm32cubeide/STM32CubeIDE_1.16.0/STM32CubeIDE/plugins/com.st.stm32cube.ide.mcu.externaltools.gnu-tools-for-stm32.12.3.rel1.win32_1.0.200.202406191623/tools/bin/../lib/gcc/arm-none-eabi/12.3.1/../../../../arm-none-eabi/lib/thumb/v7-m/nofp\libc_nano.a(libc_a-closer.o) (errno)
E:/stm32cubeide/STM32CubeIDE_1.16.0/STM32CubeIDE/plugins/com.st.stm32cube.ide.mcu.externaltools.gnu-tools-for-stm32.12.3.rel1.win32_1.0.200.202406191623/tools/bin/../lib/gcc/arm-none-eabi/12.3.1/../../../../arm-none-eabi/lib/thumb/v7-m/nofp\libc_nano.a(libc_a-impure.o)
                              E:/stm32cubeide/STM32CubeIDE_1.16.0/STM32CubeIDE/plugins/com.st.stm32cube.ide.mcu.externaltools.gnu-tools-for-stm32.12.3.rel1.win32_1.0.200.202406191623/tools/bin/../lib/gcc/arm-none-eabi/12.3.1/../../../../arm-none-eabi/lib/thumb/v7-m/nofp\libc_nano.a(libc_a-reent.o) (_impure_ptr)
E:/stm32cubeide/STM32CubeIDE_1.16.0/STM32CubeIDE/plugins/com.st.stm32cube.ide.mcu.externaltools.gnu-tools-for-stm32.12.3.rel1.win32_1.0.200.202406191623/tools/bin/../lib/gcc/arm-none-eabi/12.3.1/../../../../arm-none-eabi/lib/thumb/v7-m/nofp\libc_nano.a(libc_a-lseekr.o)
[...]
Memory Configuration

Name             Origin             Length             Attributes
RAM              0x20000000         0x00001000         xrw
FLASH            0x08000000         0x00008000         xr
*default*        0x00000000         0xffffffff

Linker script and memory map

LOAD E:/stm32cubeide/STM32CubeIDE_1.16.0/STM32CubeIDE/plugins/com.st.stm32cube.ide.mcu.externaltools.gnu-tools-for-stm32.12.3.rel1.win32_1.0.200.202406191623/tools/bin/../lib/gcc/arm-none-eabi/12.3.1/thumb/v7-m/nofp/crti.o
LOAD E:/stm32cubeide/STM32CubeIDE_1.16.0/STM32CubeIDE/plugins/com.st.stm32cube.ide.mcu.externaltools.gnu-tools-for-stm32.12.3.rel1.win32_1.0.200.202406191623/tools/bin/../lib/gcc/arm-none-eabi/12.3.1/thumb/v7-m/nofp/crtbegin.o
LOAD E:/stm32cubeide/STM32CubeIDE_1.16.0/STM32CubeIDE/plugins/com.st.stm32cube.ide.mcu.externaltools.gnu-tools-for-stm32.12.3.rel1.win32_1.0.200.202406191623/tools/bin/../lib/gcc/arm-none-eabi/12.3.1/../../../../arm-none-eabi/lib/thumb/v7-m/nofp/crt0.o
LOAD ./Core/Src/Led7Seg_Display.o
LOAD ./Core/Src/button.o
LOAD ./Core/Src/fsm_automatic.o
LOAD ./Core/Src/fsm_manual.o
LOAD ./Core/Src/fsm_setting.o
LOAD ./Core/Src/global.o
LOAD ./Core/Src/gpio.o
LOAD ./Core/Src/main.o
LOAD ./Core/Src/main_fsm_run.o
LOAD ./Core/Src/software_timer.o
LOAD ./Core/Src/stm32f1xx_hal_msp.o
LOAD ./Core/Src/stm32f1xx_it.o
LOAD ./Core/Src/syscalls.o
LOAD ./Core/Src/sysmem.o
LOAD ./Core/Src/system_stm32f1xx.o
LOAD ./Core/Src/tim.o
LOAD ./Core/Src/traffic_light.o
LOAD ./Core/Startup/startup_stm32f100c6tx.o
LOAD ./Drivers/STM32F1xx_HAL_Driver/Src/stm32f1xx_hal.o
LOAD ./Drivers/STM32F1xx_HAL_Driver/Src/stm32f1xx_hal_cortex.o
LOAD ./Drivers/STM32F1xx_HAL_Driver/Src/stm32f1xx_hal_dma.o
LOAD ./Drivers/STM32F1xx_HAL_Driver/Src/stm32f1xx_hal_exti.o
LOAD ./Drivers/STM32F1xx_HAL_Driver/Src/stm32f1xx_hal_flash.o
LOAD ./Drivers/STM32F1xx_HAL_Driver/Src/stm32f1xx_hal_flash_ex.o
LOAD ./Drivers/STM32F1xx_HAL_Driver/Src/stm32f1xx_hal_gpio.o
LOAD ./Drivers/STM32F1xx_HAL_Driver/Src/stm32f1xx_hal_gpio_ex.o
LOAD ./Drivers/STM32F1xx_HAL_Driver/Src/stm32f1xx_hal_pwr.o
LOAD ./Drivers/STM32F1xx_HAL_Driver/Src/stm32f1xx_hal_rcc.o
LOAD ./Drivers/STM32F1xx_HAL_Driver/Src/stm32f1xx_hal_rcc_ex.o
LOAD ./Drivers/STM32F1xx_HAL_Driver/Src/stm32f1xx_hal_tim.o
LOAD ./Drivers/STM32F1xx_HAL_Driver/Src/stm32f1xx_hal_tim_ex.o
START GROUP
LOAD E:/stm32cubeide/STM32CubeIDE_1.16.0/STM32CubeIDE/plugins/com.st.stm32cube.ide.mcu.externaltools.gnu-tools-for-stm32.12.3.rel1.win32_1.0.200.202406191623/tools/bin/../lib/gcc/arm-none-eabi/12.3.1/../../../../arm-none-eabi/lib/thumb/v7-m/nofp\libc_nano.a
LOAD E:/stm32cubeide/STM32CubeIDE_1.16.0/STM32CubeIDE/plugins/com.st.stm32cube.ide.mcu.externaltools.gnu-tools-for-stm32.12.3.rel1.win32_1.0.200.202406191623/tools/bin/../lib/gcc/arm-none-eabi/12.3.1/../../../../arm-none-eabi/lib/thumb/v7-m/nofp\libm.a
END GROUP
START GROUP
LOAD E:/stm32cubeide/STM32CubeIDE_1.16.0/STM32CubeIDE/plugins/com.st.stm32cube.ide.mcu.externaltools.gnu-tools-for-stm32.12.3.rel1.win32_1.0.200.202406191623/tools/bin/../lib/gcc/arm-none-eabi/12.3.1/thumb/v7-m/nofp\libgcc.a
LOAD E:/stm32cubeide/STM32CubeIDE_1.16.0/STM32CubeIDE/plugins/com.st.stm32cube.ide.mcu.externaltools.gnu-tools-for-stm32.12.3.rel1.win32_1.0.200.202406191623/tools/bin/../lib/gcc/arm-none-eabi/12.3.1/../../../../arm-none-eabi/lib/thumb/v7-m/nofp\libc_nano.a
END GROUP
START GROUP
LOAD E:/stm32cubeide/STM32CubeIDE_1.16.0/STM32CubeIDE/plugins/com.st.stm32cube.ide.mcu.externaltools.gnu-tools-for-stm32.12.3.rel1.win32_1.0.200.202406191623/tools/bin/../lib/gcc/arm-none-eabi/12.3.1/thumb/v7-m/nofp\libgcc.a
LOAD E:/stm32cubeide/STM32CubeIDE_1.16.0/STM32CubeIDE/plugins/com.st.stm32cube.ide.mcu.externaltools.gnu-tools-for-stm32.12.3.rel1.win32_1.0.200.202406191623/tools/bin/../lib/gcc/arm-none-eabi/12.3.1/../../../../arm-none-eabi/lib/thumb/v7-m/nofp\libc_nano.a
LOAD E:/stm32cubeide/STM32CubeIDE_1.16.0/STM32CubeIDE/plugins/com.st.stm32cube.ide.mcu.externaltools.gnu-tools-for-stm32.12.3.rel1.win32_1.0.200.202406191623/tools/bin/../lib/gcc/arm-none-eabi/12.3.1/../../../../arm-none-eabi/lib/thumb/v7-m/nofp\libnosys.a
END GROUP
START GROUP
LOAD E:/stm32cubeide/STM32CubeIDE_1.16.0/STM32CubeIDE/plugins/com.st.stm32cube.ide.mcu.externaltools.gnu-tools-for-stm32.12.3.rel1.win32_1.0.200.202406191623/tools/bin/../lib/gcc/arm-none-eabi/12.3.1/thumb/v7-m/nofp\libgcc.a
LOAD E:/stm32cubeide/STM32CubeIDE_1.16.0/STM32CubeIDE/plugins/com.st.stm32cube.ide.mcu.externaltools.gnu-tools-for-stm32.12.3.rel1.win32_1.0.200.202406191623/tools/bin/../lib/gcc/arm-none-eabi/12.3.1/../../../../arm-none-eabi/lib/thumb/v7-m/nofp\libc_nano.a
LOAD E:/stm32cubeide/STM32CubeIDE_1.16.0/STM32CubeIDE/plugins/com.st.stm32cube.ide.mcu.externaltools.gnu-tools-for-stm32.12.3.rel1.win32_1.0.200.202406191623/tools/bin/../lib/gcc/arm-none-eabi/12.3.1/../../../../arm-none-eabi/lib/thumb/v7-m/nofp\libnosys.a
END GROUP
LOAD E:/stm32cubeide/STM32CubeIDE_1.16.0/STM32CubeIDE/plugins/com.st.stm32cube.ide.mcu.externaltools.gnu-tools-for-stm32.12.3.rel1.win32_1.0.200.202406191623/tools/bin/../lib/gcc/arm-none-eabi/12.3.1/thumb/v7-m/nofp/crtend.o
LOAD E:/stm32cubeide/STM32CubeIDE_1.16.0/STM32CubeIDE/plugins/com.st.stm32cube.ide.mcu.externaltools.gnu-tools-for-stm32.12.3.rel1.win32_1.0.200.202406191623/tools/bin/../lib/gcc/arm-none-eabi/12.3.1/thumb/v7-m/nofp/crtn.o
                0x20001000                        _estack = (ORIGIN (RAM) + LENGTH (RAM))
                0x00000200                        _Min_Heap_Size = 0x200
                0x00000400                        _Min_Stack_Size = 0x400

.isr_vector     0x08000000      0x1d0
                0x08000000                        . = ALIGN (0x4)
 *(.isr_vector)
 .isr_vector    0x08000000      0x1d0 ./Core/Startup/startup_stm32f100c6tx.o
                0x08000000                g_pfnVectors
                0x080001d0                        . = ALIGN (0x4)

.text           0x080001d0     0x2bd0
                0x080001d0                        . = ALIGN (0x4)
 *(.text)
 .text          0x080001d0       0x40 E:/stm32cubeide/STM32CubeIDE_1.16.0/STM32CubeIDE/plugins/com.st.stm32cube.ide.mcu.externaltools.gnu-tools-for-stm32.12.3.rel1.win32_1.0.200.202406191623/tools/bin/../lib/gcc/arm-none-eabi/12.3.1/thumb/v7-m/nofp/crtbegin.o
 *(.text*)
 .text.Led7Seg_int
                0x08000210       0x44 ./Core/Src/Led7Seg_Display.o
                0x08000210                Led7Seg_int
 .text.calculator_BCD_to_7SEG
                0x08000254      0x2d4 ./Core/Src/Led7Seg_Display.o
                0x08000254                calculator_BCD_to_7SEG
 .text.display7SEG
                0x08000528       0xe0 ./Core/Src/Led7Seg_Display.o
                0x08000528                display7SEG
 .text.init_button
                0x08000608       0x58 ./Core/Src/button.o
                0x08000608                init_button
 .text.init_gpi_button
                0x08000660       0x78 ./Core/Src/button.o
                0x08000660                init_gpi_button
 .text.isButtonPressed
                0x080006d8       0x34 ./Core/Src/button.o
                0x080006d8                isButtonPressed
 .text.isButtonLongPressed
                0x0800070c       0x34 ./Core/Src/button.o
                0x0800070c                isButtonLongPressed
 .text.getKeyInput
                0x08000740      0x138 ./Core/Src/button.o
                0x08000740                getKeyInput
 .text.fsm_automatic
                0x08000878      0x1b4 ./Core/Src/fsm_automatic.o
                0x08000878                fsm_automatic
 .text.update_led_time
                0x08000a2c       0x88 ./Core/Src/fsm_setting.o
                0x08000a2c                update_led_time
 .text.fsm_setting
                0x08000ab4      0x1a4 ./Core/Src/fsm_setting.o
                0x08000ab4                fsm_setting
 .text.System_scan_value_led_init
                0x08000c58       0x38 ./Core/Src/global.o
                0x08000c58                System_scan_value_led_init
 .text.MX_GPIO_Init
                0x08000c90       0xc4 ./Core/Src/gpio.o
                0x08000c90                MX_GPIO_Init
 .text.main     0x08000d54       0x24 ./Core/Src/main.o
                0x08000d54                main
 .text.SystemClock_Config
                0x08000d78       0x76 ./Core/Src/main.o
                0x08000d78                SystemClock_Config
 .text.Error_Handler
                0x08000dee        0xc ./Core/Src/main.o
                0x08000dee                Error_Handler
 *fill*         0x08000dfa        0x2 
 .text.change_method
                0x08000dfc       0x64 ./Core/Src/main_fsm_run.o
                0x08000dfc                change_method
 .text.main_fsm_run
                0x08000e60       0x54 ./Core/Src/main_fsm_run.o
                0x08000e60                main_fsm_run
 .text.timer_init
                0x08000eb4       0x14 ./Core/Src/software_timer.o
                0x08000eb4                timer_init
 .text.setTimer
                0x08000ec8       0x58 ./Core/Src/software_timer.o
                0x08000ec8                setTimer
 .text.timer_run
                0x08000f20       0x64 ./Core/Src/software_timer.o
                0x08000f20                timer_run
 .text.HAL_TIM_PeriodElapsedCallback
                0x08000f84       0x3a ./Core/Src/software_timer.o
                0x08000f84                HAL_TIM_PeriodElapsedCallback
 *fill*         0x08000fbe        0x2 
 .text.HAL_MspInit
                0x08000fc0       0x64 ./Core/Src/stm32f1xx_hal_msp.o
                0x08000fc0                HAL_MspInit
 .text.NMI_Handler
                0x08001024        0x8 ./Core/Src/stm32f1xx_it.o
                0x08001024                NMI_Handler
 .text.HardFault_Handler
                0x0800102c        0x8 ./Core/Src/stm32f1xx_it.o
                0x0800102c                HardFault_Handler
 .text.MemManage_Handler
                0x08001034        0x8 ./Core/Src/stm32f1xx_it.o
                0x08001034                MemManage_Handler
 .text.BusFault_Handler
                0x0800103c        0x8 ./Core/Src/stm32f1xx_it.o
                0x0800103c                BusFault_Handler
 .text.UsageFault_Handler
                0x08001044        0x8 ./Core/Src/stm32f1xx_it.o
                0x08001044                UsageFault_Handler
 .text.SVC_Handler
                0x0800104c        0xc ./Core/Src/stm32f1xx_it.o
                0x0800104c                SVC_Handler
 .text.DebugMon_Handler
                0x08001058        0xc ./Core/Src/stm32f1xx_it.o
                0x08001058                DebugMon_Handler
 .text.PendSV_Handler
                0x08001064        0xc ./Core/Src/stm32f1xx_it.o
                0x08001064                PendSV_Handler
 .text.SysTick_Handler
                0x08001070        0xc ./Core/Src/stm32f1xx_it.o
                0x08001070                SysTick_Handler
 .text.TIM2_IRQHandler
                0x0800107c       0x14 ./Core/Src/stm32f1xx_it.o
                0x0800107c                TIM2_IRQHandler
 .text.SystemInit
                0x08001090        0xc ./Core/Src/system_stm32f1xx.o
                0x08001090                SystemInit
 .text.MX_TIM2_Init
                0x0800109c       0x98 ./Core/Src/tim.o
                0x0800109c                MX_TIM2_Init
 .text.HAL_TIM_Base_MspInit
                0x08001134       0x48 ./Core/Src/tim.o
                0x08001134                HAL_TIM_Base_MspInit
 .text.decoder_Led
                0x0800117c      0x248 ./Core/Src/traffic_light.o
                0x0800117c                decoder_Led
 .text.blink_Led
                0x080013c4      0x13c ./Core/Src/traffic_light.o
                0x080013c4                blink_Led
 .text.En_led_7_seg
                0x08001500       0x58 ./Core/Src/traffic_light.o
                0x08001500                En_led_7_seg
 .text.updateClockBuffer
                0x08001558       0x80 ./Core/Src/traffic_light.o
                0x08001558                updateClockBuffer
 .text.update_value_7segment
                0x080015d8       0x88 ./Core/Src/traffic_light.o
                0x080015d8                update_value_7segment
 .text.update7SEG
                0x08001660       0x74 ./Core/Src/traffic_light.o
                0x08001660                update7SEG
 .text.scan_led
                0x080016d4       0x48 ./Core/Src/traffic_light.o
                0x080016d4                scan_led
 .text.Reset_Handler
                0x0800171c       0x48 ./Core/Startup/startup_stm32f100c6tx.o
                0x0800171c                Reset_Handler
 .text.Default_Handler
                0x08001764        0x2 ./Core/Startup/startup_stm32f100c6tx.o
                0x08001764                RTC_Alarm_IRQHandler
                0x08001764                EXTI2_IRQHandler
                0x08001764                TIM1_CC_IRQHandler
                0x08001764                PVD_IRQHandler
                0x08001764                EXTI3_IRQHandler
                0x08001764                EXTI0_IRQHandler
                0x08001764                TIM1_UP_TIM16_IRQHandler
                0x08001764                SPI1_IRQHandler
                0x08001764                TAMPER_IRQHandler
                0x08001764                TIM6_DAC_IRQHandler
                0x08001764                DMA1_Channel4_IRQHandler
                0x08001764                ADC1_IRQHandler
                0x08001764                USART3_IRQHandler
                0x08001764                RTC_IRQHandler
                0x08001764                DMA1_Channel7_IRQHandler
                0x08001764                TIM4_IRQHandler
                0x08001764                I2C1_EV_IRQHandler
                0x08001764                DMA1_Channel6_IRQHandler
                0x08001764                TIM3_IRQHandler
                0x08001764                RCC_IRQHandler
                0x08001764                DMA1_Channel1_IRQHandler
                0x08001764                Default_Handler
                0x08001764                CEC_IRQHandler
                0x08001764                EXTI15_10_IRQHandler
                0x08001764                TIM7_IRQHandler
                0x08001764                EXTI9_5_IRQHandler
                0x08001764                SPI2_IRQHandler
                0x08001764                DMA1_Channel5_IRQHandler
                0x08001764                EXTI4_IRQHandler
                0x08001764                TIM1_TRG_COM_TIM17_IRQHandler
                0x08001764                DMA1_Channel3_IRQHandler
                0x08001764                WWDG_IRQHandler
                0x08001764                EXTI1_IRQHandler
                0x08001764                USART2_IRQHandler
                0x08001764                DMA1_Channel2_IRQHandler
                0x08001764                FLASH_IRQHandler
                0x08001764                USART1_IRQHandler
                0x08001764                I2C1_ER_IRQHandler
                0x08001764                TIM1_BRK_TIM15_IRQHandler
 .text.HAL_Init
                0x08001766       0x1a ./Drivers/STM32F1xx_HAL_Driver/Src/stm32f1xx_hal.o
                0x08001766                HAL_Init
 .text.HAL_InitTick
                0x08001780       0x60 ./Drivers/STM32F1xx_HAL_Driver/Src/stm32f1xx_hal.o
                0x08001780                HAL_InitTick
 .text.HAL_IncTick
                0x080017e0       0x24 ./Drivers/STM32F1xx_HAL_Driver/Src/stm32f1xx_hal.o
                0x080017e0                HAL_IncTick
 .text.HAL_GetTick
                0x08001804       0x14 ./Drivers/STM32F1xx_HAL_Driver/Src/stm32f1xx_hal.o
                0x08001804                HAL_GetTick
 .text.__NVIC_SetPriorityGrouping
                0x08001818       0x48 ./Drivers/STM32F1xx_HAL_Driver/Src/stm32f1xx_hal_cortex.o
 .text.__NVIC_GetPriorityGrouping
                0x08001860       0x1c ./Drivers/STM32F1xx_HAL_Driver/Src/stm32f1xx_hal_cortex.o
 .text.__NVIC_EnableIRQ
                0x0800187c       0x38 ./Drivers/STM32F1xx_HAL_Driver/Src/stm32f1xx_hal_cortex.o
 .text.__NVIC_SetPriority
                0x080018b4       0x54 ./Drivers/STM32F1xx_HAL_Driver/Src/stm32f1xx_hal_cortex.o
 .text.NVIC_EncodePriority
                0x08001908       0x64 ./Drivers/STM32F1xx_HAL_Driver/Src/stm32f1xx_hal_cortex.o
 .text.SysTick_Config
                0x0800196c       0x44 ./Drivers/STM32F1xx_HAL_Driver/Src/stm32f1xx_hal_cortex.o
 .text.HAL_NVIC_SetPriorityGrouping
                0x080019b0       0x16 ./Drivers/STM32F1xx_HAL_Driver/Src/stm32f1xx_hal_cortex.o
                0x080019b0                HAL_NVIC_SetPriorityGrouping
 .text.HAL_NVIC_SetPriority
                0x080019c6       0x38 ./Drivers/STM32F1xx_HAL_Driver/Src/stm32f1xx_hal_cortex.o
                0x080019c6                HAL_NVIC_SetPriority
 .text.HAL_NVIC_EnableIRQ
                0x080019fe       0x1c ./Drivers/STM32F1xx_HAL_Driver/Src/stm32f1xx_hal_cortex.o
                0x080019fe                HAL_NVIC_EnableIRQ
 .text.HAL_SYSTICK_Config
                0x08001a1a       0x18 ./Drivers/STM32F1xx_HAL_Driver/Src/stm32f1xx_hal_cortex.o
                0x08001a1a                HAL_SYSTICK_Config
 *fill*         0x08001a32        0x2 
 .text.HAL_GPIO_Init
                0x08001a34      0x308 ./Drivers/STM32F1xx_HAL_Driver/Src/stm32f1xx_hal_gpio.o
                0x08001a34                HAL_GPIO_Init
 .text.HAL_GPIO_ReadPin
                0x08001d3c       0x2e ./Drivers/STM32F1xx_HAL_Driver/Src/stm32f1xx_hal_gpio.o
                0x08001d3c                HAL_GPIO_ReadPin
 .text.HAL_GPIO_WritePin
                0x08001d6a       0x30 ./Drivers/STM32F1xx_HAL_Driver/Src/stm32f1xx_hal_gpio.o
                0x08001d6a                HAL_GPIO_WritePin
 *fill*         0x08001d9a        0x2 
 .text.HAL_RCC_OscConfig
                0x08001d9c      0x504 ./Drivers/STM32F1xx_HAL_Driver/Src/stm32f1xx_hal_rcc.o
                0x08001d9c                HAL_RCC_OscConfig
 .text.HAL_RCC_ClockConfig
                0x080022a0      0x170 ./Drivers/STM32F1xx_HAL_Driver/Src/stm32f1xx_hal_rcc.o
                0x080022a0                HAL_RCC_ClockConfig
 .text.HAL_RCC_GetSysClockFreq
                0x08002410       0xa4 ./Drivers/STM32F1xx_HAL_Driver/Src/stm32f1xx_hal_rcc.o
                0x08002410                HAL_RCC_GetSysClockFreq
 .text.RCC_Delay
                0x080024b4       0x3c ./Drivers/STM32F1xx_HAL_Driver/Src/stm32f1xx_hal_rcc.o
 .text.HAL_TIM_Base_Init
                0x080024f0       0x9e ./Drivers/STM32F1xx_HAL_Driver/Src/stm32f1xx_hal_tim.o
                0x080024f0                HAL_TIM_Base_Init
 *fill*         0x0800258e        0x2 
 .text.HAL_TIM_Base_Start_IT
                0x08002590       0xb4 ./Drivers/STM32F1xx_HAL_Driver/Src/stm32f1xx_hal_tim.o
                0x08002590                HAL_TIM_Base_Start_IT
 .text.HAL_TIM_IRQHandler
                0x08002644      0x1e0 ./Drivers/STM32F1xx_HAL_Driver/Src/stm32f1xx_hal_tim.o
                0x08002644                HAL_TIM_IRQHandler
 .text.HAL_TIM_ConfigClockSource
                0x08002824      0x18e ./Drivers/STM32F1xx_HAL_Driver/Src/stm32f1xx_hal_tim.o
                0x08002824                HAL_TIM_ConfigClockSource
 .text.HAL_TIM_OC_DelayElapsedCallback
                0x080029b2       0x12 ./Drivers/STM32F1xx_HAL_Driver/Src/stm32f1xx_hal_tim.o
                0x080029b2                HAL_TIM_OC_DelayElapsedCallback
 .text.HAL_TIM_IC_CaptureCallback
                0x080029c4       0x12 ./Drivers/STM32F1xx_HAL_Driver/Src/stm32f1xx_hal_tim.o
                0x080029c4                HAL_TIM_IC_CaptureCallback
 .text.HAL_TIM_PWM_PulseFinishedCallback
                0x080029d6       0x12 ./Drivers/STM32F1xx_HAL_Driver/Src/stm32f1xx_hal_tim.o
                0x080029d6                HAL_TIM_PWM_PulseFinishedCallback
 .text.HAL_TIM_TriggerCallback
                0x080029e8       0x12 ./Drivers/STM32F1xx_HAL_Driver/Src/stm32f1xx_hal_tim.o
                0x080029e8                HAL_TIM_TriggerCallback
 *fill*         0x080029fa        0x2 
 .text.TIM_Base_SetConfig
                0x080029fc      0x118 ./Drivers/STM32F1xx_HAL_Driver/Src/stm32f1xx_hal_tim.o
                0x080029fc                TIM_Base_SetConfig
 .text.TIM_TI1_ConfigInputStage
                0x08002b14       0x5c ./Drivers/STM32F1xx_HAL_Driver/Src/stm32f1xx_hal_tim.o
 .text.TIM_TI2_ConfigInputStage
                0x08002b70       0x5e ./Drivers/STM32F1xx_HAL_Driver/Src/stm32f1xx_hal_tim.o
 .text.TIM_ITRx_SetConfig
                0x08002bce       0x34 ./Drivers/STM32F1xx_HAL_Driver/Src/stm32f1xx_hal_tim.o
 .text.TIM_ETR_SetConfig
                0x08002c02       0x3e ./Drivers/STM32F1xx_HAL_Driver/Src/stm32f1xx_hal_tim.o
                0x08002c02                TIM_ETR_SetConfig
 .text.HAL_TIMEx_MasterConfigSynchronization
                0x08002c40       0xcc ./Drivers/STM32F1xx_HAL_Driver/Src/stm32f1xx_hal_tim_ex.o
                0x08002c40                HAL_TIMEx_MasterConfigSynchronization
 .text.HAL_TIMEx_CommutCallback
                0x08002d0c       0x12 ./Drivers/STM32F1xx_HAL_Driver/Src/stm32f1xx_hal_tim_ex.o
                0x08002d0c                HAL_TIMEx_CommutCallback
 .text.HAL_TIMEx_BreakCallback
                0x08002d1e       0x12 ./Drivers/STM32F1xx_HAL_Driver/Src/stm32f1xx_hal_tim_ex.o
                0x08002d1e                HAL_TIMEx_BreakCallback
 .text.memset   0x08002d30       0x10 E:/stm32cubeide/STM32CubeIDE_1.16.0/STM32CubeIDE/plugins/com.st.stm32cube.ide.mcu.externaltools.gnu-tools-for-stm32.12.3.rel1.win32_1.0.200.202406191623/tools/bin/../lib/gcc/arm-none-eabi/12.3.1/../../../../arm-none-eabi/lib/thumb/v7-m/nofp\libc_nano.a(libc_a-memset.o)
                0x08002d30                memset
 .text.__libc_init_array
                0x08002d40       0x48 E:/stm32cubeide/STM32CubeIDE_1.16.0/STM32CubeIDE/plugins/com.st.stm32cube.ide.mcu.externaltools.gnu-tools-for-stm32.12.3.rel1.win32_1.0.200.202406191623/tools/bin/../lib/gcc/arm-none-eabi/12.3.1/../../../../arm-none-eabi/lib/thumb/v7-m/nofp\libc_nano.a(libc_a-init.o)
                0x08002d40                __libc_init_array
 *(.glue_7)
 .glue_7        0x08002d88        0x0 linker stubs
 *(.glue_7t)
 .glue_7t       0x08002d88        0x0 linker stubs
 *(.eh_frame)
 .eh_frame      0x08002d88        0x0 E:/stm32cubeide/STM32CubeIDE_1.16.0/STM32CubeIDE/plugins/com.st.stm32cube.ide.mcu.externaltools.gnu-tools-for-stm32.12.3.rel1.win32_1.0.200.202406191623/tools/bin/../lib/gcc/arm-none-eabi/12.3.1/thumb/v7-m/nofp/crtbegin.o
 *(.init)
 .init          0x08002d88        0x4 E:/stm32cubeide/STM32CubeIDE_1.16.0/STM32CubeIDE/plugins/com.st.stm32cube.ide.mcu.externaltools.gnu-tools-for-stm32.12.3.rel1.win32_1.0.200.202406191623/tools/bin/../lib/gcc/arm-none-eabi/12.3.1/thumb/v7-m/nofp/crti.o
                0x08002d88                _init
 .init          0x08002d8c        0x8 E:/stm32cubeide/STM32CubeIDE_1.16.0/STM32CubeIDE/plugins/com.st.stm32cube.ide.mcu.externaltools.gnu-tools-for-stm32.12.3.rel1.win32_1.0.200.202406191623/tools/bin/../lib/gcc/arm-none-eabi/12.3.1/thumb/v7-m/nofp/crtn.o
 *(.fini)
 .fini          0x08002d94        0x4 E:/stm32cubeide/STM32CubeIDE_1.16.0/STM32CubeIDE/plugins/com.st.stm32cube.ide.mcu.externaltools.gnu-tools-for-stm32.12.3.rel1.win32_1.0.200.202406191623/tools/bin/../lib/gcc/arm-none-eabi/12.3.1/thumb/v7-m/nofp/crti.o
                0x08002d94                _fini
 .fini          0x08002d98        0x8 E:/stm32cubeide/STM32CubeIDE_1.16.0/STM32CubeIDE/plugins/com.st.stm32cube.ide.mcu.externaltools.gnu-tools-for-stm32.12.3.rel1.win32_1.0.200.202406191623/tools/bin/../lib/gcc/arm-none-eabi/12.3.1/thumb/v7-m/nofp/crtn.o
                0x08002da0                        . = ALIGN (0x4)
                0x08002da0                        _etext = .

.vfp11_veneer   0x08002da0        0x0
 .vfp11_veneer  0x08002da0        0x0 linker stubs

.v4_bx          0x08002da0        0x0
 .v4_bx         0x08002da0        0x0 linker stubs

.iplt           0x08002da0        0x0
 .iplt          0x08002da0        0x0 E:/stm32cubeide/STM32CubeIDE_1.16.0/STM32CubeIDE/plugins/com.st.stm32cube.ide.mcu.externaltools.gnu-tools-for-stm32.12.3.rel1.win32_1.0.200.202406191623/tools/bin/../lib/gcc/arm-none-eabi/12.3.1/thumb/v7-m/nofp/crtbegin.o

.rodata         0x08002da0       0x58
                0x08002da0                        . = ALIGN (0x4)
 *(.rodata)
 .rodata        0x08002da0       0x28 ./Core/Src/Led7Seg_Display.o
 *(.rodata*)
 .rodata.AHBPrescTable
                0x08002dc8       0x10 ./Core/Src/system_stm32f1xx.o
                0x08002dc8                AHBPrescTable
 .rodata.aPLLMULFactorTable.1
                0x08002dd8       0x10 ./Drivers/STM32F1xx_HAL_Driver/Src/stm32f1xx_hal_rcc.o
 .rodata.aPredivFactorTable.0
                0x08002de8       0x10 ./Drivers/STM32F1xx_HAL_Driver/Src/stm32f1xx_hal_rcc.o
                0x08002df8                        . = ALIGN (0x4)

.ARM.extab      0x08002df8        0x0
                0x08002df8                        . = ALIGN (0x4)
 *(.ARM.extab* .gnu.linkonce.armextab.*)
                0x08002df8                        . = ALIGN (0x4)

.ARM            0x08002df8        0x0
                0x08002df8                        . = ALIGN (0x4)
                0x08002df8                        __exidx_start = .
 *(.ARM.exidx*)
                0x08002df8                        __exidx_end = .
                0x08002df8                        . = ALIGN (0x4)

.preinit_array  0x08002df8        0x0
                0x08002df8                        . = ALIGN (0x4)
                0x08002df8                        PROVIDE (__preinit_array_start = .)
 *(.preinit_array*)
                0x08002df8                        PROVIDE (__preinit_array_end = .)
                0x08002df8                        . = ALIGN (0x4)

.init_array     0x08002df8        0x4
                0x08002df8                        . = ALIGN (0x4)
                0x08002df8                        PROVIDE (__init_array_start = .)
 *(SORT_BY_NAME(.init_array.*))
 *(.init_array*)
 .init_array    0x08002df8        0x4 E:/stm32cubeide/STM32CubeIDE_1.16.0/STM32CubeIDE/plugins/com.st.stm32cube.ide.mcu.externaltools.gnu-tools-for-stm32.12.3.rel1.win32_1.0.200.202406191623/tools/bin/../lib/gcc/arm-none-eabi/12.3.1/thumb/v7-m/nofp/crtbegin.o
                0x08002dfc                        PROVIDE (__init_array_end = .)
                0x08002dfc                        . = ALIGN (0x4)

.fini_array     0x08002dfc        0x4
                0x08002dfc                        . = ALIGN (0x4)
                [!provide]                        PROVIDE (__fini_array_start = .)
 *(SORT_BY_NAME(.fini_array.*))
 *(.fini_array*)
 .fini_array    0x08002dfc        0x4 E:/stm32cubeide/STM32CubeIDE_1.16.0/STM32CubeIDE/plugins/com.st.stm32cube.ide.mcu.externaltools.gnu-tools-for-stm32.12.3.rel1.win32_1.0.200.202406191623/tools/bin/../lib/gcc/arm-none-eabi/12.3.1/thumb/v7-m/nofp/crtbegin.o
                [!provide]                        PROVIDE (__fini_array_end = .)
                0x08002e00                        . = ALIGN (0x4)
                0x08002e00                        _sidata = LOADADDR (.data)

.rel.dyn        0x08002e00        0x0
 .rel.iplt      0x08002e00        0x0 E:/stm32cubeide/STM32CubeIDE_1.16.0/STM32CubeIDE/plugins/com.st.stm32cube.ide.mcu.externaltools.gnu-tools-for-stm32.12.3.rel1.win32_1.0.200.202406191623/tools/bin/../lib/gcc/arm-none-eabi/12.3.1/thumb/v7-m/nofp/crtbegin.o

.data           0x20000000       0x74 load address 0x08002e00
                0x20000000                        . = ALIGN (0x4)
                0x20000000                        _sdata = .
 *(.data)
 *(.data*)
 .data.config_value_red
                0x20000000        0x2 ./Core/Src/fsm_setting.o
                0x20000000                config_value_red
 .data.config_value_yellow
                0x20000002        0x2 ./Core/Src/fsm_setting.o
                0x20000002                config_value_yellow
 .data.config_value_green
                0x20000004        0x2 ./Core/Src/fsm_setting.o
                0x20000004                config_value_green
 .data.RED_TIME
                0x20000006        0x2 ./Core/Src/global.o
                0x20000006                RED_TIME
 .data.YELLOW_TIME
                0x20000008        0x2 ./Core/Src/global.o
                0x20000008                YELLOW_TIME
 .data.GREEN_TIME
                0x2000000a        0x2 ./Core/Src/global.o
                0x2000000a                GREEN_TIME
 .data.Led_7Seg_Array
                0x2000000c       0x38 ./Core/Src/global.o
                0x2000000c                Led_7Seg_Array
 .data.SystemCoreClock
                0x20000044        0x4 ./Core/Src/system_stm32f1xx.o
                0x20000044                SystemCoreClock
 .data.Led_Pos  0x20000048       0x10 ./Core/Src/traffic_light.o
                0x20000048                Led_Pos
 .data.En_Led_Pos
                0x20000058       0x10 ./Core/Src/traffic_light.o
                0x20000058                En_Led_Pos
 .data.Max_Led  0x20000068        0x1 ./Core/Src/traffic_light.o
                0x20000068                Max_Led
 *fill*         0x20000069        0x3 
 .data.uwTickPrio
                0x2000006c        0x4 ./Drivers/STM32F1xx_HAL_Driver/Src/stm32f1xx_hal.o
                0x2000006c                uwTickPrio
 .data.uwTickFreq
                0x20000070        0x1 ./Drivers/STM32F1xx_HAL_Driver/Src/stm32f1xx_hal.o
                0x20000070                uwTickFreq
 *(.RamFunc)
 *(.RamFunc*)
                0x20000074                        . = ALIGN (0x4)
 *fill*         0x20000071        0x3 
                0x20000074                        _edata = .

.igot.plt       0x20000074        0x0 load address 0x08002e74
 .igot.plt      0x20000074        0x0 E:/stm32cubeide/STM32CubeIDE_1.16.0/STM32CubeIDE/plugins/com.st.stm32cube.ide.mcu.externaltools.gnu-tools-for-stm32.12.3.rel1.win32_1.0.200.202406191623/tools/bin/../lib/gcc/arm-none-eabi/12.3.1/thumb/v7-m/nofp/crtbegin.o
                0x20000074                        . = ALIGN (0x4)

.bss            0x20000074      0x10c load address 0x08002e74
                0x20000074                        _sbss = .
                0x20000074                        __bss_start__ = _sbss
 *(.bss)
 .bss           0x20000074       0x1c E:/stm32cubeide/STM32CubeIDE_1.16.0/STM32CubeIDE/plugins/com.st.stm32cube.ide.mcu.externaltools.gnu-tools-for-stm32.12.3.rel1.win32_1.0.200.202406191623/tools/bin/../lib/gcc/arm-none-eabi/12.3.1/thumb/v7-m/nofp/crtbegin.o
 *(.bss*)
 .bss.A         0x20000090        0x1 ./Core/Src/Led7Seg_Display.o
                0x20000090                A
 .bss.B         0x20000091        0x1 ./Core/Src/Led7Seg_Display.o
                0x20000091                B
 .bss.C         0x20000092        0x1 ./Core/Src/Led7Seg_Display.o
                0x20000092                C
 .bss.D         0x20000093        0x1 ./Core/Src/Led7Seg_Display.o
                0x20000093                D
 .bss.a         0x20000094        0x1 ./Core/Src/Led7Seg_Display.o
                0x20000094                a
 .bss.b         0x20000095        0x1 ./Core/Src/Led7Seg_Display.o
                0x20000095                b
 .bss.c         0x20000096        0x1 ./Core/Src/Led7Seg_Display.o
                0x20000096                c
 .bss.d         0x20000097        0x1 ./Core/Src/Led7Seg_Display.o
                0x20000097                d
 .bss.e         0x20000098        0x1 ./Core/Src/Led7Seg_Display.o
                0x20000098                e
 .bss.f         0x20000099        0x1 ./Core/Src/Led7Seg_Display.o
                0x20000099                f
 .bss.g         0x2000009a        0x1 ./Core/Src/Led7Seg_Display.o
                0x2000009a                g
 *fill*         0x2000009b        0x1 
 .bss.KeyReg    0x2000009c       0x18 ./Core/Src/button.o
                0x2000009c                KeyReg
 .bss.TimeOutForKeyPress
                0x200000b4        0x6 ./Core/Src/button.o
                0x200000b4                TimeOutForKeyPress
 *fill*         0x200000ba        0x2 
 .bss.button_long_pressed
                0x200000bc        0x6 ./Core/Src/button.o
                0x200000bc                button_long_pressed
 *fill*         0x200000c2        0x2 
 .bss.button_flag
                0x200000c4        0x6 ./Core/Src/button.o
                0x200000c4                button_flag
 .bss.pre_state
                0x200000ca        0x1 ./Core/Src/fsm_automatic.o
                0x200000ca                pre_state
 *fill*         0x200000cb        0x1 
 .bss.var_blink
                0x200000cc        0x4 ./Core/Src/fsm_setting.o
                0x200000cc                var_blink
 .bss.button0_value
                0x200000d0        0x2 ./Core/Src/global.o
                0x200000d0                button0_value
 .bss.button1_value
                0x200000d2        0x2 ./Core/Src/global.o
                0x200000d2                button1_value
 .bss.value_7seg_red_0
                0x200000d4        0x2 ./Core/Src/global.o
                0x200000d4                value_7seg_red_0
 .bss.value_7seg_red_01
                0x200000d6        0x2 ./Core/Src/global.o
                0x200000d6                value_7seg_red_01
 .bss.value_7seg_red_02
                0x200000d8        0x2 ./Core/Src/global.o
                0x200000d8                value_7seg_red_02
 .bss.value_7seg_yellow_0
                0x200000da        0x2 ./Core/Src/global.o
                0x200000da                value_7seg_yellow_0
 .bss.value_7seg_green_0
                0x200000dc        0x2 ./Core/Src/global.o
                0x200000dc                value_7seg_green_0
 .bss.value_7seg_red2_0
                0x200000de        0x2 ./Core/Src/global.o
                0x200000de                value_7seg_red2_0
 .bss.value_7seg_yellow2_0
                0x200000e0        0x2 ./Core/Src/global.o
                0x200000e0                value_7seg_yellow2_0
 .bss.value_7seg_green2_0
                0x200000e2        0x2 ./Core/Src/global.o
                0x200000e2                value_7seg_green2_0
 .bss.flag_timer
                0x200000e4       0x14 ./Core/Src/software_timer.o
                0x200000e4                flag_timer
 .bss.timer_counter
                0x200000f8       0x14 ./Core/Src/software_timer.o
                0x200000f8                timer_counter
 .bss.timer_MUL
                0x2000010c       0x14 ./Core/Src/software_timer.o
                0x2000010c                timer_MUL
 .bss.htim2     0x20000120       0x48 ./Core/Src/tim.o
                0x20000120                htim2
 .bss.Led_Buffer
                0x20000168       0x10 ./Core/Src/traffic_light.o
                0x20000168                Led_Buffer
 .bss.index_led
                0x20000178        0x1 ./Core/Src/traffic_light.o
                0x20000178                index_led
 .bss.Buffer    0x20000179        0x1 ./Core/Src/traffic_light.o
                0x20000179                Buffer
 *fill*         0x2000017a        0x2 
 .bss.uwTick    0x2000017c        0x4 ./Drivers/STM32F1xx_HAL_Driver/Src/stm32f1xx_hal.o
                0x2000017c                uwTick
 *(COMMON)
                0x20000180                        . = ALIGN (0x4)
                0x20000180                        _ebss = .
                0x20000180                        __bss_end__ = _ebss

._user_heap_stack
                0x20000180      0x600 load address 0x08002e74
                0x20000180                        . = ALIGN (0x8)
                [!provide]                        PROVIDE (end = .)
                0x20000180                        PROVIDE (_end = .)
                0x20000380                        . = (. + _Min_Heap_Size)
 *fill*         0x20000180      0x200 
                0x20000780                        . = (. + _Min_Stack_Size)
 *fill*         0x20000380      0x400 
                0x20000780                        . = ALIGN (0x8)

/DISCARD/
 libc.a(*)
 libm.a(*)
 libgcc.a(*)

.ARM.attributes
                0x00000000       0x29
 *(.ARM.attributes)
 .ARM.attributes
                0x00000000       0x1d E:/stm32cubeide/STM32CubeIDE_1.16.0/STM32CubeIDE/plugins/com.st.stm32cube.ide.mcu.externaltools.gnu-tools-for-stm32.12.3.rel1.win32_1.0.200.202406191623/tools/bin/../lib/gcc/arm-none-eabi/12.3.1/thumb/v7-m/nofp/crti.o
 .ARM.attributes
                0x0000001d       0x2d E:/stm32cubeide/STM32CubeIDE_1.16.0/STM32CubeIDE/plugins/com.st.stm32cube.ide.mcu.externaltools.gnu-tools-for-stm32.12.3.rel1.win32_1.0.200.202406191623/tools/bin/../lib/gcc/arm-none-eabi/12.3.1/thumb/v7-m/nofp/crtbegin.o
 .ARM.attributes
                0x0000004a       0x2d ./Core/Src/Led7Seg_Display.o
 .ARM.attributes
                0x00000077       0x2d ./Core/Src/button.o
 .ARM.attributes
                0x000000a4       0x2d ./Core/Src/fsm_automatic.o
 .ARM.attributes
                0x000000d1       0x2d ./Core/Src/fsm_setting.o
 .ARM.attributes
                0x000000fe       0x2d ./Core/Src/global.o
 .ARM.attributes
                0x0000012b       0x2d ./Core/Src/gpio.o
 .ARM.attributes
                0x00000158       0x2d ./Core/Src/main.o
 .ARM.attributes
                0x00000185       0x2d ./Core/Src/main_fsm_run.o
 .ARM.attributes
                0x000001b2       0x2d ./Core/Src/software_timer.o
 .ARM.attributes
                0x000001df       0x2d ./Core/Src/stm32f1xx_hal_msp.o
 .ARM.attributes
                0x0000020c       0x2d ./Core/Src/stm32f1xx_it.o
 .ARM.attributes
                0x00000239       0x2d ./Core/Src/system_stm32f1xx.o
 .ARM.attributes
                0x00000266       0x2d ./Core/Src/tim.o
 .ARM.attributes
                0x00000293       0x2d ./Core/Src/traffic_light.o
 .ARM.attributes
                0x000002c0       0x21 ./Core/Startup/startup_stm32f100c6tx.o
 .ARM.attributes
                0x000002e1       0x2d ./Drivers/STM32F1xx_HAL_Driver/Src/stm32f1xx_hal.o
 .ARM.attributes
                0x0000030e       0x2d ./Drivers/STM32F1xx_HAL_Driver/Src/stm32f1xx_hal_cortex.o
 .ARM.attributes
                0x0000033b       0x2d ./Drivers/STM32F1xx_HAL_Driver/Src/stm32f1xx_hal_gpio.o
 .ARM.attributes
                0x00000368       0x2d ./Drivers/STM32F1xx_HAL_Driver/Src/stm32f1xx_hal_rcc.o
 .ARM.attributes
                0x00000395       0x2d ./Drivers/STM32F1xx_HAL_Driver/Src/stm32f1xx_hal_tim.o
 .ARM.attributes
                0x000003c2       0x2d ./Drivers/STM32F1xx_HAL_Driver/Src/stm32f1xx_hal_tim_ex.o
 .ARM.attributes
                0x000003ef       0x2d E:/stm32cubeide/STM32CubeIDE_1.16.0/STM32CubeIDE/plugins/com.st.stm32cube.ide.mcu.externaltools.gnu-tools-for-stm32.12.3.rel1.win32_1.0.200.202406191623/tools/bin/../lib/gcc/arm-none-eabi/12.3.1/../../../../arm-none-eabi/lib/thumb/v7-m/nofp\libc_nano.a(libc_a-memset.o)
 .ARM.attributes
                0x0000041c       0x2d E:/stm32cubeide/STM32CubeIDE_1.16.0/STM32CubeIDE/plugins/com.st.stm32cube.ide.mcu.externaltools.gnu-tools-for-stm32.12.3.rel1.win32_1.0.200.202406191623/tools/bin/../lib/gcc/arm-none-eabi/12.3.1/../../../../arm-none-eabi/lib/thumb/v7-m/nofp\libc_nano.a(libc_a-init.o)
 .ARM.attributes
                0x00000449       0x1d E:/stm32cubeide/STM32CubeIDE_1.16.0/STM32CubeIDE/plugins/com.st.stm32cube.ide.mcu.externaltools.gnu-tools-for-stm32.12.3.rel1.win32_1.0.200.202406191623/tools/bin/../lib/gcc/arm-none-eabi/12.3.1/thumb/v7-m/nofp/crtn.o
OUTPUT(Lab3_f1.elf elf32-littlearm)
LOAD linker stubs
LOAD E:/stm32cubeide/STM32CubeIDE_1.16.0/STM32CubeIDE/plugins/com.st.stm32cube.ide.mcu.externaltools.gnu-tools-for-stm32.12.3.rel1.win32_1.0.200.202406191623/tools/bin/../lib/gcc/arm-none-eabi/12.3.1/../../../../arm-none-eabi/lib/thumb/v7-m/nofp\libc.a
LOAD E:/stm32cubeide/STM32CubeIDE_1.16.0/STM32CubeIDE/plugins/com.st.stm32cube.ide.mcu.externaltools.gnu-tools-for-stm32.12.3.rel1.win32_1.0.200.202406191623/tools/bin/../lib/gcc/arm-none-eabi/12.3.1/../../../../arm-none-eabi/lib/thumb/v7-m/nofp\libm.a
LOAD E:/stm32cubeide/STM32CubeIDE_1.16.0/STM32CubeIDE/plugins/com.st.stm32cube.ide.mcu.externaltools.gnu-tools-for-stm32.12.3.rel1.win32_1.0.200.202406191623/tools/bin/../lib/gcc/arm-none-eabi/12.3.1/thumb/v7-m/nofp\libgcc.a

.debug_info     0x00000000     0x8f6b
 .debug_info    0x00000000      0x32d ./Core/Src/Led7Seg_Display.o
 .debug_info    0x0000032d      0x2f0 ./Core/Src/button.o
 .debug_info    0x0000061d      0x19e ./Core/Src/fsm_automatic.o
 .debug_info    0x000007bb      0x1e6 ./Core/Src/fsm_setting.o
 .debug_info    0x000009a1      0x34c ./Core/Src/global.o
 .debug_info    0x00000ced      0x2be ./Core/Src/gpio.o
 .debug_info    0x00000fab      0x2e0 ./Core/Src/main.o
 .debug_info    0x0000128b      0x10d ./Core/Src/main_fsm_run.o
 .debug_info    0x00001398      0x754 ./Core/Src/software_timer.o
 .debug_info    0x00001aec      0x20b ./Core/Src/stm32f1xx_hal_msp.o
 .debug_info    0x00001cf7      0x6a1 ./Core/Src/stm32f1xx_it.o
 .debug_info    0x00002398      0x236 ./Core/Src/system_stm32f1xx.o
 .debug_info    0x000025ce      0x9cb ./Core/Src/tim.o
 .debug_info    0x00002f99      0x38c ./Core/Src/traffic_light.o
 .debug_info    0x00003325       0x30 ./Core/Startup/startup_stm32f100c6tx.o
 .debug_info    0x00003355      0x67d ./Drivers/STM32F1xx_HAL_Driver/Src/stm32f1xx_hal.o
 .debug_info    0x000039d2      0xa7b ./Drivers/STM32F1xx_HAL_Driver/Src/stm32f1xx_hal_cortex.o
 .debug_info    0x0000444d      0x5c5 ./Drivers/STM32F1xx_HAL_Driver/Src/stm32f1xx_hal_gpio.o
 .debug_info    0x00004a12      0x765 ./Drivers/STM32F1xx_HAL_Driver/Src/stm32f1xx_hal_rcc.o
 .debug_info    0x00005177     0x2959 ./Drivers/STM32F1xx_HAL_Driver/Src/stm32f1xx_hal_tim.o
 .debug_info    0x00007ad0     0x149b ./Drivers/STM32F1xx_HAL_Driver/Src/stm32f1xx_hal_tim_ex.o

.debug_abbrev   0x00000000     0x2270
 .debug_abbrev  0x00000000      0x1b9 ./Core/Src/Led7Seg_Display.o
 .debug_abbrev  0x000001b9      0x1d5 ./Core/Src/button.o
 .debug_abbrev  0x0000038e       0xdf ./Core/Src/fsm_automatic.o
 .debug_abbrev  0x0000046d      0x107 ./Core/Src/fsm_setting.o
 .debug_abbrev  0x00000574      0x143 ./Core/Src/global.o
 .debug_abbrev  0x000006b7      0x13e ./Core/Src/gpio.o
 .debug_abbrev  0x000007f5      0x1be ./Core/Src/main.o
 .debug_abbrev  0x000009b3       0xb5 ./Core/Src/main_fsm_run.o
 .debug_abbrev  0x00000a68      0x202 ./Core/Src/software_timer.o
 .debug_abbrev  0x00000c6a       0xdb ./Core/Src/stm32f1xx_hal_msp.o
 .debug_abbrev  0x00000d45      0x191 ./Core/Src/stm32f1xx_it.o
 .debug_abbrev  0x00000ed6      0x119 ./Core/Src/system_stm32f1xx.o
 .debug_abbrev  0x00000fef      0x20e ./Core/Src/tim.o
 .debug_abbrev  0x000011fd      0x1af ./Core/Src/traffic_light.o
 .debug_abbrev  0x000013ac       0x24 ./Core/Startup/startup_stm32f100c6tx.o
 .debug_abbrev  0x000013d0      0x233 ./Drivers/STM32F1xx_HAL_Driver/Src/stm32f1xx_hal.o
 .debug_abbrev  0x00001603      0x2f8 ./Drivers/STM32F1xx_HAL_Driver/Src/stm32f1xx_hal_cortex.o
 .debug_abbrev  0x000018fb      0x1ca ./Drivers/STM32F1xx_HAL_Driver/Src/stm32f1xx_hal_gpio.o
 .debug_abbrev  0x00001ac5      0x2b2 ./Drivers/STM32F1xx_HAL_Driver/Src/stm32f1xx_hal_rcc.o
 .debug_abbrev  0x00001d77      0x277 ./Drivers/STM32F1xx_HAL_Driver/Src/stm32f1xx_hal_tim.o
 .debug_abbrev  0x00001fee      0x282 ./Drivers/STM32F1xx_HAL_Driver/Src/stm32f1xx_hal_tim_ex.o

.debug_aranges  0x00000000      0xae0
 .debug_aranges
                0x00000000       0x30 ./Core/Src/Led7Seg_Display.o
 .debug_aranges
                0x00000030       0x40 ./Core/Src/button.o
 .debug_aranges
                0x00000070       0x20 ./Core/Src/fsm_automatic.o
 .debug_aranges
                0x00000090       0x28 ./Core/Src/fsm_setting.o
 .debug_aranges
                0x000000b8       0x20 ./Core/Src/global.o
 .debug_aranges
                0x000000d8       0x20 ./Core/Src/gpio.o
 .debug_aranges
                0x000000f8       0x30 ./Core/Src/main.o
 .debug_aranges
                0x00000128       0x28 ./Core/Src/main_fsm_run.o
 .debug_aranges
                0x00000150       0x38 ./Core/Src/software_timer.o
 .debug_aranges
                0x00000188       0x20 ./Core/Src/stm32f1xx_hal_msp.o
 .debug_aranges
                0x000001a8       0x68 ./Core/Src/stm32f1xx_it.o
 .debug_aranges
                0x00000210       0x28 ./Core/Src/system_stm32f1xx.o
 .debug_aranges
                0x00000238       0x30 ./Core/Src/tim.o
 .debug_aranges
                0x00000268       0x50 ./Core/Src/traffic_light.o
 .debug_aranges
                0x000002b8       0x28 ./Core/Startup/startup_stm32f100c6tx.o
 .debug_aranges
                0x000002e0       0xe0 ./Drivers/STM32F1xx_HAL_Driver/Src/stm32f1xx_hal.o
 .debug_aranges
                0x000003c0      0x100 ./Drivers/STM32F1xx_HAL_Driver/Src/stm32f1xx_hal_cortex.o
 .debug_aranges
                0x000004c0       0x58 ./Drivers/STM32F1xx_HAL_Driver/Src/stm32f1xx_hal_gpio.o
 .debug_aranges
                0x00000518       0x90 ./Drivers/STM32F1xx_HAL_Driver/Src/stm32f1xx_hal_rcc.o
 .debug_aranges
                0x000005a8      0x3d0 ./Drivers/STM32F1xx_HAL_Driver/Src/stm32f1xx_hal_tim.o
 .debug_aranges
                0x00000978      0x168 ./Drivers/STM32F1xx_HAL_Driver/Src/stm32f1xx_hal_tim_ex.o

.debug_rnglists
                0x00000000      0x832
 .debug_rnglists
                0x00000000       0x21 ./Core/Src/Led7Seg_Display.o
 .debug_rnglists
                0x00000021       0x2c ./Core/Src/button.o
 .debug_rnglists
                0x0000004d       0x14 ./Core/Src/fsm_automatic.o
 .debug_rnglists
                0x00000061       0x1b ./Core/Src/fsm_setting.o
 .debug_rnglists
                0x0000007c       0x13 ./Core/Src/global.o
 .debug_rnglists
                0x0000008f       0x14 ./Core/Src/gpio.o
 .debug_rnglists
                0x000000a3       0x1f ./Core/Src/main.o
 .debug_rnglists
                0x000000c2       0x19 ./Core/Src/main_fsm_run.o
 .debug_rnglists
                0x000000db       0x25 ./Core/Src/software_timer.o
 .debug_rnglists
                0x00000100       0x13 ./Core/Src/stm32f1xx_hal_msp.o
 .debug_rnglists
                0x00000113       0x49 ./Core/Src/stm32f1xx_it.o
 .debug_rnglists
                0x0000015c       0x1a ./Core/Src/system_stm32f1xx.o
 .debug_rnglists
                0x00000176       0x20 ./Core/Src/tim.o
 .debug_rnglists
                0x00000196       0x3b ./Core/Src/traffic_light.o
 .debug_rnglists
                0x000001d1       0x19 ./Core/Startup/startup_stm32f100c6tx.o
 .debug_rnglists
                0x000001ea       0xa3 ./Drivers/STM32F1xx_HAL_Driver/Src/stm32f1xx_hal.o
 .debug_rnglists
                0x0000028d       0xbb ./Drivers/STM32F1xx_HAL_Driver/Src/stm32f1xx_hal_cortex.o
 .debug_rnglists
                0x00000348       0x3f ./Drivers/STM32F1xx_HAL_Driver/Src/stm32f1xx_hal_gpio.o
 .debug_rnglists
                0x00000387       0x6c ./Drivers/STM32F1xx_HAL_Driver/Src/stm32f1xx_hal_rcc.o
 .debug_rnglists
                0x000003f3      0x31a ./Drivers/STM32F1xx_HAL_Driver/Src/stm32f1xx_hal_tim.o
 .debug_rnglists
                0x0000070d      0x125 ./Drivers/STM32F1xx_HAL_Driver/Src/stm32f1xx_hal_tim_ex.o

.debug_macro    0x00000000    0x12136
 .debug_macro   0x00000000      0x2c2 ./Core/Src/Led7Seg_Display.o
 .debug_macro   0x000002c2      0xaa8 ./Core/Src/Led7Seg_Display.o
 .debug_macro   0x00000d6a      0x215 ./Core/Src/Led7Seg_Display.o
 .debug_macro   0x00000f7f       0x2e ./Core/Src/Led7Seg_Display.o
 .debug_macro   0x00000fad       0x22 ./Core/Src/Led7Seg_Display.o
 .debug_macro   0x00000fcf       0x22 ./Core/Src/Led7Seg_Display.o
 .debug_macro   0x00000ff1       0x8e ./Core/Src/Led7Seg_Display.o
 .debug_macro   0x0000107f       0x51 ./Core/Src/Led7Seg_Display.o
 .debug_macro   0x000010d0      0x103 ./Core/Src/Led7Seg_Display.o
 .debug_macro   0x000011d3       0x6a ./Core/Src/Led7Seg_Display.o
 .debug_macro   0x0000123d      0x1df ./Core/Src/Led7Seg_Display.o
 .debug_macro   0x0000141c       0x1c ./Core/Src/Led7Seg_Display.o
 .debug_macro   0x00001438       0x22 ./Core/Src/Led7Seg_Display.o
 .debug_macro   0x0000145a       0xbd ./Core/Src/Led7Seg_Display.o
 .debug_macro   0x00001517      0xd23 ./Core/Src/Led7Seg_Display.o
 .debug_macro   0x0000223a     0x75c9 ./Core/Src/Led7Seg_Display.o
 .debug_macro   0x00009803       0x6d ./Core/Src/Led7Seg_Display.o
 .debug_macro   0x00009870     0x34a2 ./Core/Src/Led7Seg_Display.o
 .debug_macro   0x0000cd12      0x189 ./Core/Src/Led7Seg_Display.o
 .debug_macro   0x0000ce9b       0x5c ./Core/Src/Led7Seg_Display.o
 .debug_macro   0x0000cef7      0x5bc ./Core/Src/Led7Seg_Display.o
 .debug_macro   0x0000d4b3      0x369 ./Core/Src/Led7Seg_Display.o
 .debug_macro   0x0000d81c      0x1cb ./Core/Src/Led7Seg_Display.o
 .debug_macro   0x0000d9e7      0x114 ./Core/Src/Led7Seg_Display.o
 .debug_macro   0x0000dafb      0x1f1 ./Core/Src/Led7Seg_Display.o
 .debug_macro   0x0000dcec       0x27 ./Core/Src/Led7Seg_Display.o
 .debug_macro   0x0000dd13      0x130 ./Core/Src/Led7Seg_Display.o
 .debug_macro   0x0000de43      0x1bc ./Core/Src/Led7Seg_Display.o
 .debug_macro   0x0000dfff       0x34 ./Core/Src/Led7Seg_Display.o
 .debug_macro   0x0000e033       0x3c ./Core/Src/Led7Seg_Display.o
 .debug_macro   0x0000e06f       0x57 ./Core/Src/Led7Seg_Display.o
 .debug_macro   0x0000e0c6       0x6b ./Core/Src/Led7Seg_Display.o
 .debug_macro   0x0000e131      0x240 ./Core/Src/Led7Seg_Display.o
 .debug_macro   0x0000e371      0x140 ./Core/Src/Led7Seg_Display.o
 .debug_macro   0x0000e4b1      0x8ed ./Core/Src/Led7Seg_Display.o
 .debug_macro   0x0000ed9e       0x9f ./Core/Src/Led7Seg_Display.o
 .debug_macro   0x0000ee3d      0x10c ./Core/Src/Led7Seg_Display.o
 .debug_macro   0x0000ef49       0x22 ./Core/Src/Led7Seg_Display.o
 .debug_macro   0x0000ef6b       0x61 ./Core/Src/Led7Seg_Display.o
 .debug_macro   0x0000efcc       0x24 ./Core/Src/Led7Seg_Display.o
 .debug_macro   0x0000eff0       0x43 ./Core/Src/Led7Seg_Display.o
 .debug_macro   0x0000f033       0x34 ./Core/Src/Led7Seg_Display.o
 .debug_macro   0x0000f067       0x16 ./Core/Src/Led7Seg_Display.o
 .debug_macro   0x0000f07d       0x35 ./Core/Src/Led7Seg_Display.o
 .debug_macro   0x0000f0b2      0x369 ./Core/Src/Led7Seg_Display.o
 .debug_macro   0x0000f41b       0x10 ./Core/Src/Led7Seg_Display.o
 .debug_macro   0x0000f42b       0x16 ./Core/Src/Led7Seg_Display.o
 .debug_macro   0x0000f441       0x43 ./Core/Src/Led7Seg_Display.o
 .debug_macro   0x0000f484       0x34 ./Core/Src/Led7Seg_Display.o
 .debug_macro   0x0000f4b8       0x10 ./Core/Src/Led7Seg_Display.o
 .debug_macro   0x0000f4c8       0x58 ./Core/Src/Led7Seg_Display.o
 .debug_macro   0x0000f520       0x8e ./Core/Src/Led7Seg_Display.o
 .debug_macro   0x0000f5ae       0x1c ./Core/Src/Led7Seg_Display.o
 .debug_macro   0x0000f5ca      0x177 ./Core/Src/Led7Seg_Display.o
 .debug_macro   0x0000f741       0x16 ./Core/Src/Led7Seg_Display.o
 .debug_macro   0x0000f757       0x16 ./Core/Src/Led7Seg_Display.o
 .debug_macro   0x0000f76d      0x146 ./Core/Src/Led7Seg_Display.o
 .debug_macro   0x0000f8b3       0x16 ./Core/Src/Led7Seg_Display.o
 .debug_macro   0x0000f8c9       0x20 ./Core/Src/Led7Seg_Display.o
 .debug_macro   0x0000f8e9      0x1b6 ./Core/Src/button.o
 .debug_macro   0x0000fa9f       0x1c ./Core/Src/button.o
 .debug_macro   0x0000fabb      0x2f3 ./Core/Src/fsm_automatic.o
 .debug_macro   0x0000fdae       0x28 ./Core/Src/fsm_automatic.o
 .debug_macro   0x0000fdd6      0x2fc ./Core/Src/fsm_setting.o
 .debug_macro   0x000100d2       0x22 ./Core/Src/fsm_setting.o
 .debug_macro   0x000100f4      0x2e9 ./Core/Src/global.o
 .debug_macro   0x000103dd      0x1b1 ./Core/Src/gpio.o
 .debug_macro   0x0001058e      0x312 ./Core/Src/main.o
 .debug_macro   0x000108a0      0x31a ./Core/Src/main_fsm_run.o
 .debug_macro   0x00010bba      0x1c0 ./Core/Src/software_timer.o
 .debug_macro   0x00010d7a      0x1a7 ./Core/Src/stm32f1xx_hal_msp.o
 .debug_macro   0x00010f21      0x1b1 ./Core/Src/stm32f1xx_it.o
 .debug_macro   0x000110d2      0x198 ./Core/Src/system_stm32f1xx.o
 .debug_macro   0x0001126a      0x1b1 ./Core/Src/tim.o
 .debug_macro   0x0001141b      0x2e9 ./Core/Src/traffic_light.o
 .debug_macro   0x00011704      0x1bc ./Drivers/STM32F1xx_HAL_Driver/Src/stm32f1xx_hal.o
 .debug_macro   0x000118c0      0x198 ./Drivers/STM32F1xx_HAL_Driver/Src/stm32f1xx_hal_cortex.o
 .debug_macro   0x00011a58      0x203 ./Drivers/STM32F1xx_HAL_Driver/Src/stm32f1xx_hal_gpio.o
 .debug_macro   0x00011c5b      0x1aa ./Drivers/STM32F1xx_HAL_Driver/Src/stm32f1xx_hal_rcc.o
 .debug_macro   0x00011e05      0x199 ./Drivers/STM32F1xx_HAL_Driver/Src/stm32f1xx_hal_tim.o
 .debug_macro   0x00011f9e      0x198 ./Drivers/STM32F1xx_HAL_Driver/Src/stm32f1xx_hal_tim_ex.o

.debug_line     0x00000000     0xfae9
 .debug_line    0x00000000      0xad4 ./Core/Src/Led7Seg_Display.o
 .debug_line    0x00000ad4      0x846 ./Core/Src/button.o
 .debug_line    0x0000131a      0xa47 ./Core/Src/fsm_automatic.o
 .debug_line    0x00001d61      0xa83 ./Core/Src/fsm_setting.o
 .debug_line    0x000027e4      0x9ae ./Core/Src/global.o
 .debug_line    0x00003192      0x70a ./Core/Src/gpio.o
 .debug_line    0x0000389c      0xa46 ./Core/Src/main.o
 .debug_line    0x000042e2      0xa47 ./Core/Src/main_fsm_run.o
 .debug_line    0x00004d29      0x79c ./Core/Src/software_timer.o
 .debug_line    0x000054c5      0x6e6 ./Core/Src/stm32f1xx_hal_msp.o
 .debug_line    0x00005bab      0x7bf ./Core/Src/stm32f1xx_it.o
 .debug_line    0x0000636a      0x758 ./Core/Src/system_stm32f1xx.o
 .debug_line    0x00006ac2      0x752 ./Core/Src/tim.o
 .debug_line    0x00007214      0xb40 ./Core/Src/traffic_light.o
 .debug_line    0x00007d54       0x78 ./Core/Startup/startup_stm32f100c6tx.o
 .debug_line    0x00007dcc      0x98f ./Drivers/STM32F1xx_HAL_Driver/Src/stm32f1xx_hal.o
 .debug_line    0x0000875b      0xb7c ./Drivers/STM32F1xx_HAL_Driver/Src/stm32f1xx_hal_cortex.o
 .debug_line    0x000092d7      0xa29 ./Drivers/STM32F1xx_HAL_Driver/Src/stm32f1xx_hal_gpio.o
 .debug_line    0x00009d00      0xd70 ./Drivers/STM32F1xx_HAL_Driver/Src/stm32f1xx_hal_rcc.o
 .debug_line    0x0000aa70     0x3766 ./Drivers/STM32F1xx_HAL_Driver/Src/stm32f1xx_hal_tim.o
 .debug_line    0x0000e1d6     0x1913 ./Drivers/STM32F1xx_HAL_Driver/Src/stm32f1xx_hal_tim_ex.o

.debug_str      0x00000000    0x6784d
 .debug_str     0x00000000    0x648d0 ./Core/Src/Led7Seg_Display.o
                              0x64c41 (size before relaxing)
 .debug_str     0x000648d0      0x10f ./Core/Src/button.o
                              0x614e0 (size before relaxing)
 .debug_str     0x000649df      0x1cb ./Core/Src/fsm_automatic.o
                              0x64d05 (size before relaxing)
 .debug_str     0x00064baa       0x9c ./Core/Src/fsm_setting.o
                              0x64d80 (size before relaxing)
 .debug_str     0x00064c46       0x8e ./Core/Src/global.o
                              0x64d5f (size before relaxing)
 .debug_str     0x00064cd4       0xbc ./Core/Src/gpio.o
                              0x6149e (size before relaxing)
 .debug_str     0x00064d90      0x1e3 ./Core/Src/main.o
                              0x64e26 (size before relaxing)
 .debug_str     0x00064f73       0x51 ./Core/Src/main_fsm_run.o
                              0x64ce1 (size before relaxing)
 .debug_str     0x00064fc4      0x4a6 ./Core/Src/software_timer.o
                              0x619b3 (size before relaxing)
 .debug_str     0x0006546a       0x50 ./Core/Src/stm32f1xx_hal_msp.o
                              0x6141c (size before relaxing)
 .debug_str     0x000654ba       0xec ./Core/Src/stm32f1xx_it.o
                              0x6191c (size before relaxing)
 .debug_str     0x000655a6       0x8c ./Core/Src/system_stm32f1xx.o
                              0x61060 (size before relaxing)
 .debug_str     0x00065632      0x3d4 ./Core/Src/tim.o
                              0x61d24 (size before relaxing)
 .debug_str     0x00065a06       0x7b ./Core/Src/traffic_light.o
                              0x64dd4 (size before relaxing)
 .debug_str     0x00065a81       0x44 ./Core/Startup/startup_stm32f100c6tx.o
                                 0x71 (size before relaxing)
 .debug_str     0x00065ac5      0x373 ./Drivers/STM32F1xx_HAL_Driver/Src/stm32f1xx_hal.o
                              0x6173f (size before relaxing)
 .debug_str     0x00065e38      0x294 ./Drivers/STM32F1xx_HAL_Driver/Src/stm32f1xx_hal_cortex.o
                              0x616a4 (size before relaxing)
 .debug_str     0x000660cc      0x2e5 ./Drivers/STM32F1xx_HAL_Driver/Src/stm32f1xx_hal_gpio.o
                              0x613d4 (size before relaxing)
 .debug_str     0x000663b1      0x229 ./Drivers/STM32F1xx_HAL_Driver/Src/stm32f1xx_hal_rcc.o
                              0x6145e (size before relaxing)
 .debug_str     0x000665da      0xde0 ./Drivers/STM32F1xx_HAL_Driver/Src/stm32f1xx_hal_tim.o
                              0x62479 (size before relaxing)
 .debug_str     0x000673ba      0x493 ./Drivers/STM32F1xx_HAL_Driver/Src/stm32f1xx_hal_tim_ex.o
                              0x61c85 (size before relaxing)

.comment        0x00000000       0x43
 .comment       0x00000000       0x43 ./Core/Src/Led7Seg_Display.o
                                 0x44 (size before relaxing)
 .comment       0x00000043       0x44 ./Core/Src/button.o
 .comment       0x00000043       0x44 ./Core/Src/fsm_automatic.o
 .comment       0x00000043       0x44 ./Core/Src/fsm_setting.o
 .comment       0x00000043       0x44 ./Core/Src/global.o
 .comment       0x00000043       0x44 ./Core/Src/gpio.o
 .comment       0x00000043       0x44 ./Core/Src/main.o
 .comment       0x00000043       0x44 ./Core/Src/main_fsm_run.o
 .comment       0x00000043       0x44 ./Core/Src/software_timer.o
 .comment       0x00000043       0x44 ./Core/Src/stm32f1xx_hal_msp.o
 .comment       0x00000043       0x44 ./Core/Src/stm32f1xx_it.o
 .comment       0x00000043       0x44 ./Core/Src/system_stm32f1xx.o
 .comment       0x00000043       0x44 ./Core/Src/tim.o
 .comment       0x00000043       0x44 ./Core/Src/traffic_light.o
 .comment       0x00000043       0x44 ./Drivers/STM32F1xx_HAL_Driver/Src/stm32f1xx_hal.o
 .comment       0x00000043       0x44 ./Drivers/STM32F1xx_HAL_Driver/Src/stm32f1xx_hal_cortex.o
 .comment       0x00000043       0x44 ./Drivers/STM32F1xx_HAL_Driver/Src/stm32f1xx_hal_gpio.o
 .comment       0x00000043       0x44 ./Drivers/STM32F1xx_HAL_Driver/Src/stm32f1xx_hal_rcc.o
 .comment       0x00000043       0x44 ./Drivers/STM32F1xx_HAL_Driver/Src/stm32f1xx_hal_tim.o
 .comment       0x00000043       0x44 ./Drivers/STM32F1xx_HAL_Driver/Src/stm32f1xx_hal_tim_ex.o

.debug_frame    0x00000000     0x29b4
 .debug_frame   0x00000000       0x8c ./Core/Src/Led7Seg_Display.o
 .debug_frame   0x0000008c       0xd0 ./Core/Src/button.o
 .debug_frame   0x0000015c       0x2c ./Core/Src/fsm_automatic.o
 .debug_frame   0x00000188       0x54 ./Core/Src/fsm_setting.o
 .debug_frame   0x000001dc       0x2c ./Core/Src/global.o
 .debug_frame   0x00000208       0x34 ./Core/Src/gpio.o
 .debug_frame   0x0000023c       0x68 ./Core/Src/main.o
 .debug_frame   0x000002a4       0x48 ./Core/Src/main_fsm_run.o
 .debug_frame   0x000002ec       0xa0 ./Core/Src/software_timer.o
 .debug_frame   0x0000038c       0x38 ./Core/Src/stm32f1xx_hal_msp.o
 .debug_frame   0x000003c4      0x120 ./Core/Src/stm32f1xx_it.o
 .debug_frame   0x000004e4       0x58 ./Core/Src/system_stm32f1xx.o
 .debug_frame   0x0000053c       0x7c ./Core/Src/tim.o
 .debug_frame   0x000005b8      0x100 ./Core/Src/traffic_light.o
 .debug_frame   0x000006b8      0x334 ./Drivers/STM32F1xx_HAL_Driver/Src/stm32f1xx_hal.o
 .debug_frame   0x000009ec      0x428 ./Drivers/STM32F1xx_HAL_Driver/Src/stm32f1xx_hal_cortex.o
 .debug_frame   0x00000e14      0x14c ./Drivers/STM32F1xx_HAL_Driver/Src/stm32f1xx_hal_gpio.o
 .debug_frame   0x00000f60      0x218 ./Drivers/STM32F1xx_HAL_Driver/Src/stm32f1xx_hal_rcc.o
 .debug_frame   0x00001178     0x11b8 ./Drivers/STM32F1xx_HAL_Driver/Src/stm32f1xx_hal_tim.o
 .debug_frame   0x00002330      0x638 ./Drivers/STM32F1xx_HAL_Driver/Src/stm32f1xx_hal_tim_ex.o
 .debug_frame   0x00002968       0x20 E:/stm32cubeide/STM32CubeIDE_1.16.0/STM32CubeIDE/plugins/com.st.stm32cube.ide.mcu.externaltools.gnu-tools-for-stm32.12.3.rel1.win32_1.0.200.202406191623/tools/bin/../lib/gcc/arm-none-eabi/12.3.1/../../../../arm-none-eabi/lib/thumb/v7-m/nofp\libc_nano.a(libc_a-memset.o)
 .debug_frame   0x00002988       0x2c E:/stm32cubeide/STM32CubeIDE_1.16.0/STM32CubeIDE/plugins/com.st.stm32cube.ide.mcu.externaltools.gnu-tools-for-stm32.12.3.rel1.win32_1.0.200.202406191623/tools/bin/../lib/gcc/arm-none-eabi/12.3.1/../../../../arm-none-eabi/lib/thumb/v7-m/nofp\libc_nano.a(libc_a-init.o)

.debug_line_str
                0x00000000       0x55
 .debug_line_str
                0x00000000       0x55 ./Core/Startup/startup_stm32f100c6tx.o
